// Jest Snapshot v1, https://goo.gl/fbAQLP

exports[`SplashPage snapshot test - verifica que no haya cambios inesperados en la UI 1`] = `
<section
  class="splash"
>
  <div
    class="splash__overlay"
  />
  <div
    class="splash__content"
  >
    <p
      class="splash__tagline"
    >
      Organitza, comparteix i viu experiències
    </p>
    <h1
      class="splash__title"
    >
      EventManager
    </h1>
    <p
      class="splash__subtitle"
    >
      Gestiona els teus esdeveniments des d'un sol lloc. Col·labora amb el teu equip i inspira a nous participants.
    </p>
    <div
      class="splash__buttons"
    >
      <button
        class="splash__cta splash__cta--primary"
      >
        Iniciar sesión
      </button>
      <button
        class="splash__cta splash__cta--secondary"
      >
        Registrarse
      </button>
    </div>
  </div>
  <button
    class="about-scroll-btn"
  >
    SplashPage.scrollButton
  </button>
</section>
`;
